                   2   0   0      literalInt    26
