        31231.315533   0   0    literalFloat    25
