32.21e-10   0   0    literalFloat    25
   3.1e+2   0  10    literalFloat    25
       32   3   0      literalInt    26
 1222.121   6   0    literalFloat    25
