program 0 0 keyword 334
HelloWorld 0 8 identifier 4000
; 0 18 separator 4
var 1 0 keyword 316
mas 1 4 identifier 4001
: 1 8 separator 5
array 1 10 keyword 326
[ 1 16 separator 10
1 1 17 literalInt 7000
.. 1 18 separator 24
10 1 20 literalInt 7001
] 1 22 separator 11
of 1 24 keyword 311
char 1 27 identifier 4002
; 1 31 separator 4
int 2 4 identifier 4003
: 2 8 separator 5
integer 2 10 identifier 4004
; 2 17 separator 4
r 3 4 identifier 4005
: 3 6 separator 5
real 3 8 identifier 4006
; 3 12 separator 4
begin 4 0 keyword 324
int 5 4 identifier 4003
:= 5 8 operation 23
1 5 11 literalInt 7002
; 5 12 separator 4
mas 6 4 identifier 4001
[ 6 7 separator 10
2 6 8 literalInt 7003
] 6 9 separator 11
:= 6 11 operation 23
'a' 6 14 literalChar 5000
; 6 17 separator 4
r 7 4 identifier 4005
:= 7 6 operation 23
3.1415 7 9 literalFloat 6000
; 7 15 separator 4
writeln 8 4 identifier 4007
( 8 11 separator 8
'111111' 8 12 literalChar 5001
, 8 20 separator 3
mas 8 22 identifier 4001
[ 8 25 separator 10
2 8 26 literalInt 7004
] 8 27 separator 11
) 8 28 separator 9
; 8 29 separator 4
writeln 9 4 identifier 4007
( 9 11 separator 8
'' 9 12 literalChar 5002
) 9 14 separator 9
; 9 15 separator 4
end 11 0 keyword 315
. 11 3 separator 6
