                   a   0   0      identifier    24
