__a   0   0      identifier    24
daw_q   0   4      identifier    24
