               begin   0   0         keyword    30
