program 0 0 keyword 334
HelloWorld 0 8 identifier 4000
; 0 18 separator 4
var 1 0 keyword 316
mas 1 4 identifier 4001
: 1 8 separator 5
array 1 10 keyword 326
[ 1 16 separator 10
1 1 17 literalInt 7000
.. 1 18 separator 24
10 1 20 literalInt 7001
] 1 22 separator 11
of 1 24 keyword 311
char 1 27 identifier 4002
; 1 31 separator 4
int 2 4 identifier 4003
: 2 8 separator 5
integer 2 10 identifier 4004
; 2 17 separator 4
r 3 4 identifier 4005
: 3 6 separator 5
real 3 8 identifier 4006
; 3 12 separator 4
begin 4 0 keyword 324
int 5 4 identifier 4003
:= 5 8 operation 23
1 5 11 literalInt 7002
+ 5 12 operation 19
( 5 13 separator 8
2 5 14 literalInt 7003
* 5 15 operation 0
3 5 16 literalInt 7004
) 5 17 separator 9
- 5 18 operation 20
( 5 19 separator 8
( 5 20 separator 8
( 5 21 separator 8
2 5 22 literalInt 7005
- 5 23 operation 20
4 5 24 literalInt 7006
) 5 25 separator 9
- 5 26 operation 20
1 5 27 literalInt 7007
) 5 28 separator 9
- 5 29 operation 20
2 5 30 literalInt 7008
) 5 31 separator 9
; 5 32 separator 4
mas 6 4 identifier 4001
[ 6 7 separator 10
2 6 8 literalInt 7009
] 6 9 separator 11
:= 6 11 operation 23
( 6 14 separator 8
mas 6 15 identifier 4001
[ 6 18 separator 10
1 6 19 literalInt 7010
] 6 20 separator 11
* 6 21 operation 0
( 6 22 separator 8
1 6 23 literalInt 7011
- 6 24 operation 20
mas 6 25 identifier 4001
[ 6 28 separator 10
5 6 29 literalInt 7012
] 6 30 separator 11
) 6 31 separator 9
- 6 33 operation 20
( 6 35 separator 8
mas 6 36 identifier 4001
[ 6 39 separator 10
1 6 40 literalInt 7013
] 6 41 separator 11
- 6 42 operation 20
mas 6 43 identifier 4001
[ 6 46 separator 10
( 6 47 separator 8
1 6 48 literalInt 7014
+ 6 49 operation 19
3 6 50 literalInt 7015
) 6 51 separator 9
* 6 52 operation 0
2 6 53 literalInt 7016
] 6 54 separator 11
) 6 55 separator 9
) 6 56 separator 9
; 6 57 separator 4
end 7 0 keyword 315
. 7 3 separator 6
