End   0   0         keyword    39
END   0   4         keyword    39
end   0   8         keyword    39
