                   ;   0   0       separator     5
