<=   0   0       operation    17
<>   0   3       operation    19
>=   0   6       operation    18
