ERROR: ERROR IT IS NOT NUMBER (-1004) row: 0 col: 0
