            'ajsq__'   0   0     literalChar    27
