         {$fsfsdfds}   0   0       directive  8004
