                   ,   0   0     literalChar    27
