(   0   0       separator     9
)   0   1       separator    10
[   1   0       separator    11
]   1   3       separator    12
