.   0   0       separator     7
,   0   2       separator     4
;   0   4       separator     5
:   0   5       separator     6
