ERROR: ERROR BIG CHAR CONST (-1009) row: 0 col: 0
