a   1   0      identifier    24
;   1   1       separator     5
